------------------------------------------------------------
Timing Analyzer Summary
------------------------------------------------------------

Type  : Slow 1100mV 85C Model Setup 'KEY[0]'
Slack : -0.153
TNS   : -0.623

Type  : Slow 1100mV 85C Model Hold 'KEY[0]'
Slack : 0.242
TNS   : 0.000

Type  : Slow 1100mV 85C Model Minimum Pulse Width 'KEY[0]'
Slack : -0.394
TNS   : -5.651

Type  : Slow 1100mV 0C Model Setup 'KEY[0]'
Slack : -0.173
TNS   : -0.492

Type  : Slow 1100mV 0C Model Hold 'KEY[0]'
Slack : 0.225
TNS   : 0.000

Type  : Slow 1100mV 0C Model Minimum Pulse Width 'KEY[0]'
Slack : -0.394
TNS   : -5.173

Type  : Fast 1100mV 85C Model Setup 'KEY[0]'
Slack : 0.267
TNS   : 0.000

Type  : Fast 1100mV 85C Model Hold 'KEY[0]'
Slack : 0.145
TNS   : 0.000

Type  : Fast 1100mV 85C Model Minimum Pulse Width 'KEY[0]'
Slack : -0.345
TNS   : -2.948

Type  : Fast 1100mV 0C Model Setup 'KEY[0]'
Slack : 0.322
TNS   : 0.000

Type  : Fast 1100mV 0C Model Hold 'KEY[0]'
Slack : 0.134
TNS   : 0.000

Type  : Fast 1100mV 0C Model Minimum Pulse Width 'KEY[0]'
Slack : -0.325
TNS   : -2.769

------------------------------------------------------------
